$ next build --turbopack
   ▲ Next.js 15.4.11 (Turbopack)

   Creating an optimized production build ...
 ✓ Finished writing to disk in 55ms
 ✓ Compiled successfully in 5.5s
   Linting and checking validity of types ...

 ⚠ The Next.js plugin was not detected in your ESLint configuration. See https://nextjs.org/docs/app/api-reference/config/eslint#migrating-existing-config
   Collecting page data ...
   Generating static pages (0/4) ...
   Generating static pages (1/4) 
   Generating static pages (2/4) 
   Generating static pages (3/4) 
 ✓ Generating static pages (4/4)
   Finalizing page optimization ...
   Collecting build traces ...

Route (app)                         Size  First Load JS
┌ ○ /                             209 kB         320 kB
└ ○ /_not-found                      0 B         111 kB
+ First Load JS shared by all     111 kB
  └ chunks/91c4a005a3ee8dca.js     75 kB
  ├ chunks/daa96e8b4ca91b12.js   20.1 kB
  └ other shared chunks (total)    16 kB


○  (Static)  prerendered as static content

 ⚠ Support for Turbopack builds is experimental. We don't recommend deploying mission-critical applications to production.

- Turbopack currently always builds production source maps for the browser. This will include project source code if deployed to production.
- It is expected that your bundle size might be different from `next build` with webpack. This will be improved as we work towards stability.
- This build is without disk caching; subsequent builds will become faster when disk caching becomes available.
- When comparing output to webpack builds, make sure to first clear the Next.js cache by deleting the `.next` directory.

Provide feedback for Turbopack builds at https://github.com/vercel/next.js/discussions/77721
