$ nuxt build
┌  Building Nuxt for production...
│
●  Nuxt 4.2.2 (with Nitro 2.13.4, Vite 7.3.6 and Vue 3.5.42)
│
●  Nitro preset: node-server
ℹ Building client...
ℹ vite v7.3.6 building client environment for production...
ℹ transforming...
ℹ ✓ 111 modules transformed.
ℹ rendering chunks...
ℹ computing gzip size...
ℹ ../.nuxt/dist/client/manifest.json                   3.25 kB │ gzip:   0.52 kB
ℹ ../.nuxt/dist/client/_nuxt/error-500.rKvxqlbO.css    1.91 kB │ gzip:   0.73 kB
ℹ ../.nuxt/dist/client/_nuxt/error-404.4--07FFR.css    2.43 kB │ gzip:   0.85 kB
ℹ ../.nuxt/dist/client/_nuxt/Ud1LQ0k-.js               0.41 kB │ gzip:   0.29 kB
ℹ ../.nuxt/dist/client/_nuxt/_oCEbtt_.js               3.50 kB │ gzip:   1.57 kB
ℹ ../.nuxt/dist/client/_nuxt/Dp5tbrKM.js               9.31 kB │ gzip:   3.76 kB
ℹ ../.nuxt/dist/client/_nuxt/Dar7KrzY.js              37.63 kB │ gzip:  10.00 kB
ℹ ../.nuxt/dist/client/_nuxt/Du8wQ72c.js             826.92 kB │ gzip: 253.50 kB

 WARN 
(!) Some chunks are larger than 500 kB after minification. Consider:
- Using dynamic import() to code-split the application
- Use build.rollupOptions.output.manualChunks to improve chunking: https://rollupjs.org/configuration-options/#output-manualchunks
- Adjust chunk size limit for this warning via build.chunkSizeWarningLimit.

ℹ ✓ built in 2.54s
✔ Client built in 2546ms
ℹ Building server...
ℹ vite v7.3.6 building ssr environment for production...
ℹ transforming...
ℹ ✓ 75 modules transformed.
ℹ rendering chunks...
ℹ ✓ built in 1.58s
✔ Server built in 1582ms
[nitro] ✔ Generated public .output/public
[nitro] ℹ Building Nuxt Nitro server (preset: node-server, compatibility date: 2026-09-11)
[nitro] ✔ Nuxt Nitro server built
  ├─ .output/server/chunks/_/error-500.mjs (5.06 kB) (2.05 kB gzip)
  ├─ .output/server/chunks/_/error-500.mjs.map (327 B) (245 B gzip)
  ├─ .output/server/chunks/build/_plugin-vue_export-helper-CmKukxlV.mjs (964 B) (509 B gzip)
  ├─ .output/server/chunks/build/_plugin-vue_export-helper-CmKukxlV.mjs.map (345 B) (264 B gzip)
  ├─ .output/server/chunks/build/_virtual_playwright-lite-mime-CpF3J5YM-CUDdQG1X-lkXBZ5b8.mjs (45.1 kB) (9.99 kB gzip)
  ├─ .output/server/chunks/build/_virtual_playwright-lite-mime-CpF3J5YM-CUDdQG1X-lkXBZ5b8.mjs.map (32.3 kB) (2.68 kB gzip)
  ├─ .output/server/chunks/build/client.precomputed.mjs (6.84 kB) (803 B gzip)
  ├─ .output/server/chunks/build/client.precomputed.mjs.map (3.18 kB) (398 B gzip)
  ├─ .output/server/chunks/build/error-404-Dk1S1zVF.mjs (15.3 kB) (4.68 kB gzip)
  ├─ .output/server/chunks/build/error-404-Dk1S1zVF.mjs.map (597 B) (301 B gzip)
  ├─ .output/server/chunks/build/error-404-styles.C6ehLhom.mjs (2.72 kB) (982 B gzip)
  ├─ .output/server/chunks/build/error-404-styles.C6ehLhom.mjs.map (196 B) (155 B gzip)
  ├─ .output/server/chunks/build/error-500-DXpRC8Eb.mjs (4.97 kB) (2.1 kB gzip)
  ├─ .output/server/chunks/build/error-500-DXpRC8Eb.mjs.map (351 B) (269 B gzip)
  ├─ .output/server/chunks/build/error-500-styles.BdxVEZ--.mjs (2.19 kB) (859 B gzip)
  ├─ .output/server/chunks/build/error-500-styles.BdxVEZ--.mjs.map (196 B) (155 B gzip)
  ├─ .output/server/chunks/build/server.mjs (1.42 MB) (300 kB gzip)
  ├─ .output/server/chunks/build/server.mjs.map (6.95 kB) (1.82 kB gzip)
  ├─ .output/server/chunks/build/styles.mjs (1.34 kB) (387 B gzip)
  ├─ .output/server/chunks/build/styles.mjs.map (465 B) (197 B gzip)
  ├─ .output/server/chunks/nitro/nitro.mjs (160 kB) (39.4 kB gzip)
  ├─ .output/server/chunks/nitro/nitro.mjs.map (6.95 kB) (1.07 kB gzip)
  ├─ .output/server/chunks/routes/renderer.mjs (14.4 kB) (4.45 kB gzip)
  ├─ .output/server/chunks/routes/renderer.mjs.map (1.93 kB) (395 B gzip)
  ├─ .output/server/chunks/virtual/_virtual_spa-template.mjs (94 B) (100 B gzip)
  ├─ .output/server/chunks/virtual/_virtual_spa-template.mjs.map (88 B) (97 B gzip)
  ├─ .output/server/index.mjs (353 B) (205 B gzip)
  └─ .output/server/package.json (669 B) (305 B gzip)
Σ Total size: 3.27 MB (745 kB gzip)
[nitro] ✔ You can preview this build using node .output/server/index.mjs
│
└  ✨ Build complete!
