$ nuxt build
┌  Building Nuxt for production...
│
●  Nuxt 3.21.11 (with Nitro 2.13.4, Vite 7.3.6 and Vue 3.5.42)
│
●  Nitro preset: node-server
ℹ Building client...
ℹ vite v7.3.6 building client environment for production...
ℹ transforming...
ℹ ✓ 103 modules transformed.
ℹ rendering chunks...
ℹ computing gzip size...
ℹ .nuxt/dist/client/manifest.json                   2.52 kB │ gzip:  0.40 kB
ℹ .nuxt/dist/client/_nuxt/error-500.C6OCaKfv.css    1.88 kB │ gzip:  0.72 kB
ℹ .nuxt/dist/client/_nuxt/error-404.BP9yHPrk.css    3.53 kB │ gzip:  1.10 kB
ℹ .nuxt/dist/client/_nuxt/entry.CMK5BW9W.css       12.40 kB │ gzip:  2.57 kB
ℹ .nuxt/dist/client/_nuxt/l_L11z1X.js               3.37 kB │ gzip:  1.53 kB
ℹ .nuxt/dist/client/_nuxt/CeW9GGk9.js               9.82 kB │ gzip:  3.99 kB
ℹ .nuxt/dist/client/_nuxt/CKw7rETm.js             228.26 kB │ gzip: 65.49 kB
ℹ ✓ built in 1.01s
✔ Client built in 1018ms
ℹ Building server...
ℹ vite v7.3.6 building ssr environment for production...
ℹ transforming...
ℹ ✓ 69 modules transformed.
ℹ rendering chunks...
ℹ ✓ built in 359ms
✔ Server built in 364ms
[nitro] ✔ Generated public .output/public
[nitro] ℹ Building Nuxt Nitro server (preset: node-server, compatibility date: 2026-09-11)
[nitro] ✔ Nuxt Nitro server built
  ├─ .output/server/chunks/_/error-500.mjs (4.9 kB) (2.05 kB gzip)
  ├─ .output/server/chunks/_/error-500.mjs.map (328 B) (242 B gzip)
  ├─ .output/server/chunks/build/client.precomputed.mjs (5.63 kB) (667 B gzip)
  ├─ .output/server/chunks/build/client.precomputed.mjs.map (2.63 kB) (345 B gzip)
  ├─ .output/server/chunks/build/entry-styles.D6kXs6Do.mjs (12.7 kB) (2.69 kB gzip)
  ├─ .output/server/chunks/build/entry-styles.D6kXs6Do.mjs.map (188 B) (152 B gzip)
  ├─ .output/server/chunks/build/error-404-O322LEPM.mjs (16.3 kB) (4.98 kB gzip)
  ├─ .output/server/chunks/build/error-404-O322LEPM.mjs.map (597 B) (305 B gzip)
  ├─ .output/server/chunks/build/error-404-styles.S0PMzrfq.mjs (3.83 kB) (1.22 kB gzip)
  ├─ .output/server/chunks/build/error-404-styles.S0PMzrfq.mjs.map (196 B) (157 B gzip)
  ├─ .output/server/chunks/build/error-500-CEMvpy8q.mjs (4.84 kB) (2.05 kB gzip)
  ├─ .output/server/chunks/build/error-500-CEMvpy8q.mjs.map (351 B) (274 B gzip)
  ├─ .output/server/chunks/build/error-500-styles.DdeRwqRy.mjs (2.18 kB) (860 B gzip)
  ├─ .output/server/chunks/build/error-500-styles.DdeRwqRy.mjs.map (196 B) (156 B gzip)
  ├─ .output/server/chunks/build/server.mjs (122 kB) (22.6 kB gzip)
  ├─ .output/server/chunks/build/server.mjs.map (4.31 kB) (619 B gzip)
  ├─ .output/server/chunks/build/styles.mjs (1.2 kB) (368 B gzip)
  ├─ .output/server/chunks/build/styles.mjs.map (465 B) (211 B gzip)
  ├─ .output/server/chunks/nitro/nitro.mjs (161 kB) (39.5 kB gzip)
  ├─ .output/server/chunks/nitro/nitro.mjs.map (6.95 kB) (1.07 kB gzip)
  ├─ .output/server/chunks/routes/renderer.mjs (14.3 kB) (4.66 kB gzip)
  ├─ .output/server/chunks/routes/renderer.mjs.map (1.94 kB) (393 B gzip)
  ├─ .output/server/chunks/virtual/_virtual_spa-template.mjs (94 B) (100 B gzip)
  ├─ .output/server/chunks/virtual/_virtual_spa-template.mjs.map (88 B) (97 B gzip)
  ├─ .output/server/index.mjs (353 B) (205 B gzip)
  └─ .output/server/package.json (669 B) (305 B gzip)
Σ Total size: 1.9 MB (456 kB gzip)
[nitro] ✔ You can preview this build using node .output/server/index.mjs
│
└  ✨ Build complete!
