$ nuxt build
┌  Building Nuxt for production...
│
●  Nuxt 4.5.1 (with Nitro 2.13.4, Vite 8.2.2 and Vue 3.5.42)
│
●  Nitro preset: node-server
ℹ Building client...
ℹ vite v8.2.2 building client environment for production...
transforming...
✓ 139 modules transformed.
rendering chunks...
computing gzip size...
ℹ .nuxt/dist/client/manifest.json                   3.06 kB │ gzip:   0.55 kB
.nuxt/dist/client/_nuxt/error-500.FpqMVKEM.css    1.90 kB │ gzip:   0.72 kB
.nuxt/dist/client/_nuxt/error-404.D-CYoD6x.css    2.42 kB │ gzip:   0.85 kB
.nuxt/dist/client/_nuxt/BCz4bugC.js               0.92 kB │ gzip:   0.54 kB
.nuxt/dist/client/_nuxt/Cpuw5xIy.js               3.41 kB │ gzip:   1.53 kB
.nuxt/dist/client/_nuxt/Bp8NhM5f.js               9.86 kB │ gzip:   3.99 kB
.nuxt/dist/client/_nuxt/Ddpsc6v8.js              37.62 kB │ gzip:  10.10 kB
.nuxt/dist/client/_nuxt/oX1Y8bvh.js              84.77 kB │ gzip:  32.52 kB
.nuxt/dist/client/_nuxt/CsVHsN0R.js             732.12 kB │ gzip: 215.90 kB

ℹ ✓ built in 1.23s

 WARN  [plugin builtin:vite-reporter] 
(!) Some chunks are larger than 500 kB after minification. Consider:
- Using dynamic import() to code-split the application
- Use build.rolldownOptions.output.codeSplitting to improve chunking: https://rolldown.rs/reference/OutputOptions.codeSplitting
- Adjust chunk size limit for this warning via build.chunkSizeWarningLimit.

✔ Client built in 1242ms
ℹ Building server...
ℹ vite v8.2.2 building ssr environment for production...
transforming...
✓ 71 modules transformed.
rendering chunks...
ℹ .nuxt/dist/server/_nuxt/error-404-styles.DBI4n0VK.mjs                                    0.08 kB
.nuxt/dist/server/_nuxt/error-500-styles.pICvcKs4.mjs                                    0.08 kB
.nuxt/dist/server/styles.mjs                                                             0.63 kB
.nuxt/dist/server/_nuxt/_plugin-vue_export-helper-BOaGB7Aw.js                            0.26 kB
.nuxt/dist/server/_nuxt/error-500-styles-1.mjs-CKqftSDf.js                               2.45 kB │ map:     5.33 kB
.nuxt/dist/server/_nuxt/error-404-styles-1.mjs-TaejZpJ-.js                               2.97 kB │ map:     5.97 kB
.nuxt/dist/server/_nuxt/error-500-DP7oG-9L.js                                            4.69 kB │ map:     5.66 kB
.nuxt/dist/server/_nuxt/error-404-BLpcIUbL.js                                           14.69 kB │ map:    27.27 kB
.nuxt/dist/server/_nuxt/_virtual_playwright-lite-mime-CpF3J5YM-CUDdQG1X-DTrcX3MS.js     44.00 kB │ map:    63.95 kB
.nuxt/dist/server/server.mjs                                                         1,435.84 kB │ map: 2,486.49 kB

ℹ ✓ built in 460ms
✔ Server built in 468ms
[nitro] ✔ Generated public .output/public
[nitro] ℹ Building Nuxt Nitro server (preset: node-server, compatibility date: 2026-09-11)
.nuxt/dist/server/server.mjs (29456:0): A comment

"/** Anchors a pattern source. The interpolation lives here rather than at the call site because
* esbuild will not drop a `@__PURE__` call whose own argument interpolates a variable, but it
* will drop `anchor(dateSource)`. Keeping it inline pinned `date` into every bundle. */"

in ".nuxt/dist/server/server.mjs" contains an annotation that Rollup cannot interpret due to the position of the comment. The comment will be removed to avoid issues.
[nitro] ✔ Nuxt Nitro server built
  ├─ .output/server/chunks/_/error-500.mjs (5.08 kB) (2.07 kB gzip)
  ├─ .output/server/chunks/_/error-500.mjs.map (265 B) (202 B gzip)
  ├─ .output/server/chunks/build/_plugin-vue_export-helper-BOaGB7Aw.mjs (286 B) (206 B gzip)
  ├─ .output/server/chunks/build/_plugin-vue_export-helper-BOaGB7Aw.mjs.map (380 B) (237 B gzip)
  ├─ .output/server/chunks/build/_virtual_playwright-lite-mime-CpF3J5YM-CUDdQG1X-DTrcX3MS.mjs (45.1 kB) (9.99 kB gzip)
  ├─ .output/server/chunks/build/_virtual_playwright-lite-mime-CpF3J5YM-CUDdQG1X-DTrcX3MS.mjs.map (32.3 kB) (2.68 kB gzip)
  ├─ .output/server/chunks/build/error-404-BLpcIUbL.mjs (15.4 kB) (4.69 kB gzip)
  ├─ .output/server/chunks/build/error-404-BLpcIUbL.mjs.map (582 B) (291 B gzip)
  ├─ .output/server/chunks/build/error-404-styles.DBI4n0VK.mjs (2.76 kB) (1 kB gzip)
  ├─ .output/server/chunks/build/error-404-styles.DBI4n0VK.mjs.map (196 B) (156 B gzip)
  ├─ .output/server/chunks/build/error-500-DP7oG-9L.mjs (4.97 kB) (2.1 kB gzip)
  ├─ .output/server/chunks/build/error-500-DP7oG-9L.mjs.map (329 B) (255 B gzip)
  ├─ .output/server/chunks/build/error-500-styles.pICvcKs4.mjs (2.23 kB) (873 B gzip)
  ├─ .output/server/chunks/build/error-500-styles.pICvcKs4.mjs.map (196 B) (155 B gzip)
  ├─ .output/server/chunks/nitro/nitro.mjs (161 kB) (39.8 kB gzip)
  ├─ .output/server/chunks/nitro/nitro.mjs.map (6.72 kB) (1.04 kB gzip)
  ├─ .output/server/chunks/routes/renderer.mjs (15.9 kB) (5.49 kB gzip)
  ├─ .output/server/chunks/routes/renderer.mjs.map (2.29 kB) (435 B gzip)
  ├─ .output/server/chunks/virtual/_virtual_spa-template.mjs (94 B) (100 B gzip)
  ├─ .output/server/chunks/virtual/_virtual_spa-template.mjs.map (88 B) (97 B gzip)
  ├─ .output/server/chunks/virtual/entry.mjs (1.44 MB) (330 kB gzip)
  ├─ .output/server/chunks/virtual/entry.mjs.map (6.53 kB) (1.21 kB gzip)
  ├─ .output/server/chunks/virtual/precomputed.mjs (6.49 kB) (843 B gzip)
  ├─ .output/server/chunks/virtual/precomputed.mjs.map (3.6 kB) (403 B gzip)
  ├─ .output/server/chunks/virtual/styles.mjs (702 B) (338 B gzip)
  ├─ .output/server/chunks/virtual/styles.mjs.map (325 B) (187 B gzip)
  ├─ .output/server/index.mjs (353 B) (205 B gzip)
  └─ .output/server/package.json (692 B) (313 B gzip)
Σ Total size: 3.42 MB (813 kB gzip)
[nitro] ✔ You can preview this build using node .output/server/index.mjs
│
└  ✨ Build complete!
