$ nuxt build
┌  Building Nuxt for production...
│
●  Nuxt 4.0.1 (with Nitro 2.13.4, Vite 7.3.6 and Vue 3.5.42)
│
●  Nitro preset: node-server
ℹ Building client...
ℹ vite v7.3.6 building client environment for production...
ℹ transforming...
ℹ ✓ 134 modules transformed.
ℹ rendering chunks...
ℹ computing gzip size...
ℹ ../.nuxt/dist/client/manifest.json                   3.25 kB │ gzip:   0.52 kB
ℹ ../.nuxt/dist/client/_nuxt/error-500.F3e6yxRV.css    1.91 kB │ gzip:   0.72 kB
ℹ ../.nuxt/dist/client/_nuxt/error-404.B2PSjfpK.css    2.43 kB │ gzip:   0.86 kB
ℹ ../.nuxt/dist/client/_nuxt/DoFpUpk5.js               0.40 kB │ gzip:   0.28 kB
ℹ ../.nuxt/dist/client/_nuxt/BeWRs5vs.js               3.50 kB │ gzip:   1.57 kB
ℹ ../.nuxt/dist/client/_nuxt/CM3qXGv-.js               9.32 kB │ gzip:   3.77 kB
ℹ ../.nuxt/dist/client/_nuxt/Dar7KrzY.js              37.63 kB │ gzip:  10.00 kB
ℹ ../.nuxt/dist/client/_nuxt/C_EX23eh.js             826.99 kB │ gzip: 253.54 kB

 WARN 
(!) Some chunks are larger than 500 kB after minification. Consider:
- Using dynamic import() to code-split the application
- Use build.rollupOptions.output.manualChunks to improve chunking: https://rollupjs.org/configuration-options/#output-manualchunks
- Adjust chunk size limit for this warning via build.chunkSizeWarningLimit.

ℹ ✓ built in 30.81s
✔ Client built in 30935ms
ℹ Building server...
ℹ vite v7.3.6 building ssr environment for production...
ℹ transforming...
ℹ ✓ 71 modules transformed.
ℹ rendering chunks...
ℹ ✓ built in 1m 15s
✔ Server built in 74925ms
[nitro] ✔ Generated public .output/public
[nitro] ℹ Building Nuxt Nitro server (preset: node-server, compatibility date: 2026-09-11)
[nitro] ✔ Nuxt Nitro server built
  ├─ .output/server/chunks/_/error-500.mjs (5.07 kB) (2.05 kB gzip)
  ├─ .output/server/chunks/_/error-500.mjs.map (324 B) (241 B gzip)
  ├─ .output/server/chunks/build/_plugin-vue_export-helper-jfgp6GXQ.mjs (948 B) (505 B gzip)
  ├─ .output/server/chunks/build/_plugin-vue_export-helper-jfgp6GXQ.mjs.map (345 B) (267 B gzip)
  ├─ .output/server/chunks/build/_virtual_playwright-lite-mime-CpF3J5YM-CUDdQG1X-lkXBZ5b8.mjs (45.1 kB) (9.99 kB gzip)
  ├─ .output/server/chunks/build/_virtual_playwright-lite-mime-CpF3J5YM-CUDdQG1X-lkXBZ5b8.mjs.map (32.3 kB) (2.68 kB gzip)
  ├─ .output/server/chunks/build/client.manifest.mjs (4 kB) (638 B gzip)
  ├─ .output/server/chunks/build/client.manifest.mjs.map (1.84 kB) (396 B gzip)
  ├─ .output/server/chunks/build/error-404-BuONsqCr.mjs (15.5 kB) (4.76 kB gzip)
  ├─ .output/server/chunks/build/error-404-BuONsqCr.mjs.map (597 B) (298 B gzip)
  ├─ .output/server/chunks/build/error-404-styles-1.mjs-DIOopkE9.mjs (2.65 kB) (963 B gzip)
  ├─ .output/server/chunks/build/error-404-styles-1.mjs-DIOopkE9.mjs.map (98 B) (108 B gzip)
  ├─ .output/server/chunks/build/error-404-styles.CqaMIAQN.mjs (373 B) (212 B gzip)
  ├─ .output/server/chunks/build/error-404-styles.CqaMIAQN.mjs.map (214 B) (167 B gzip)
  ├─ .output/server/chunks/build/error-404-styles.H1RGIGCu.mjs (315 B) (206 B gzip)
  ├─ .output/server/chunks/build/error-404-styles.H1RGIGCu.mjs.map (192 B) (155 B gzip)
  ├─ .output/server/chunks/build/error-500-Ji7os-k2.mjs (4.97 kB) (2.1 kB gzip)
  ├─ .output/server/chunks/build/error-500-Ji7os-k2.mjs.map (351 B) (267 B gzip)
  ├─ .output/server/chunks/build/error-500-styles-1.mjs-Iu8y_MRJ.mjs (2.13 kB) (832 B gzip)
  ├─ .output/server/chunks/build/error-500-styles-1.mjs-Iu8y_MRJ.mjs.map (98 B) (108 B gzip)
  ├─ .output/server/chunks/build/error-500-styles.Df26zU3H.mjs (315 B) (205 B gzip)
  ├─ .output/server/chunks/build/error-500-styles.Df26zU3H.mjs.map (192 B) (156 B gzip)
  ├─ .output/server/chunks/build/error-500-styles.ipH_DtDH.mjs (373 B) (208 B gzip)
  ├─ .output/server/chunks/build/error-500-styles.ipH_DtDH.mjs.map (214 B) (166 B gzip)
  ├─ .output/server/chunks/build/server.mjs (1.42 MB) (300 kB gzip)
  ├─ .output/server/chunks/build/server.mjs.map (6.75 kB) (1.81 kB gzip)
  ├─ .output/server/chunks/build/styles.mjs (1.34 kB) (410 B gzip)
  ├─ .output/server/chunks/build/styles.mjs.map (465 B) (197 B gzip)
  ├─ .output/server/chunks/nitro/nitro.mjs (160 kB) (39.4 kB gzip)
  ├─ .output/server/chunks/nitro/nitro.mjs.map (6.94 kB) (1.07 kB gzip)
  ├─ .output/server/chunks/routes/renderer.mjs (14.5 kB) (4.51 kB gzip)
  ├─ .output/server/chunks/routes/renderer.mjs.map (1.92 kB) (392 B gzip)
  ├─ .output/server/chunks/virtual/_virtual_spa-template.mjs (94 B) (100 B gzip)
  ├─ .output/server/chunks/virtual/_virtual_spa-template.mjs.map (88 B) (97 B gzip)
  ├─ .output/server/index.mjs (353 B) (205 B gzip)
  └─ .output/server/package.json (669 B) (305 B gzip)
Σ Total size: 3.26 MB (746 kB gzip)
[nitro] ✔ You can preview this build using node .output/server/index.mjs
│
└  ✨ Build complete!
