$ nuxt build
┌  Building Nuxt for production...
│
●  Nuxt 4.1.3 (with Nitro 2.13.4, Vite 7.3.6 and Vue 3.5.42)
│
●  Nitro preset: node-server
ℹ Building client...
ℹ vite v7.3.6 building client environment for production...
ℹ transforming...
ℹ ✓ 135 modules transformed.
ℹ rendering chunks...
ℹ computing gzip size...
ℹ ../.nuxt/dist/client/manifest.json                   3.25 kB │ gzip:   0.52 kB
ℹ ../.nuxt/dist/client/_nuxt/error-500.TmptkUb6.css    1.91 kB │ gzip:   0.73 kB
ℹ ../.nuxt/dist/client/_nuxt/error-404.DvZ2tXyK.css    2.43 kB │ gzip:   0.86 kB
ℹ ../.nuxt/dist/client/_nuxt/CuUmj58W.js               0.40 kB │ gzip:   0.28 kB
ℹ ../.nuxt/dist/client/_nuxt/CxHwCgTl.js               3.49 kB │ gzip:   1.57 kB
ℹ ../.nuxt/dist/client/_nuxt/BFwsKSk_.js               9.30 kB │ gzip:   3.76 kB
ℹ ../.nuxt/dist/client/_nuxt/Dar7KrzY.js              37.63 kB │ gzip:  10.00 kB
ℹ ../.nuxt/dist/client/_nuxt/4FcvkEMI.js             827.19 kB │ gzip: 253.62 kB

 WARN 
(!) Some chunks are larger than 500 kB after minification. Consider:
- Using dynamic import() to code-split the application
- Use build.rollupOptions.output.manualChunks to improve chunking: https://rollupjs.org/configuration-options/#output-manualchunks
- Adjust chunk size limit for this warning via build.chunkSizeWarningLimit.

ℹ ✓ built in 2.50s
✔ Client built in 2511ms
ℹ Building server...
ℹ vite v7.3.6 building ssr environment for production...
ℹ transforming...
ℹ ✓ 73 modules transformed.
ℹ rendering chunks...
ℹ ✓ built in 1.71s
✔ Server built in 1717ms
[nitro] ✔ Generated public .output/public
[nitro] ℹ Building Nuxt Nitro server (preset: node-server, compatibility date: 2026-09-11)
[nitro] ✔ Nuxt Nitro server built
  ├─ .output/server/chunks/_/error-500.mjs (5.07 kB) (2.05 kB gzip)
  ├─ .output/server/chunks/_/error-500.mjs.map (324 B) (241 B gzip)
  ├─ .output/server/chunks/build/_plugin-vue_export-helper-CmKukxlV.mjs (964 B) (509 B gzip)
  ├─ .output/server/chunks/build/_plugin-vue_export-helper-CmKukxlV.mjs.map (345 B) (262 B gzip)
  ├─ .output/server/chunks/build/_virtual_playwright-lite-mime-CpF3J5YM-CUDdQG1X-lkXBZ5b8.mjs (45.1 kB) (9.99 kB gzip)
  ├─ .output/server/chunks/build/_virtual_playwright-lite-mime-CpF3J5YM-CUDdQG1X-lkXBZ5b8.mjs.map (32.3 kB) (2.68 kB gzip)
  ├─ .output/server/chunks/build/client.manifest.mjs (4 kB) (638 B gzip)
  ├─ .output/server/chunks/build/client.manifest.mjs.map (1.84 kB) (396 B gzip)
  ├─ .output/server/chunks/build/error-404-DKp8OSGx.mjs (15.5 kB) (4.75 kB gzip)
  ├─ .output/server/chunks/build/error-404-DKp8OSGx.mjs.map (597 B) (299 B gzip)
  ├─ .output/server/chunks/build/error-404-styles.foyFATJ9.mjs (2.72 kB) (986 B gzip)
  ├─ .output/server/chunks/build/error-404-styles.foyFATJ9.mjs.map (196 B) (155 B gzip)
  ├─ .output/server/chunks/build/error-500-e77ucnwJ.mjs (4.97 kB) (2.1 kB gzip)
  ├─ .output/server/chunks/build/error-500-e77ucnwJ.mjs.map (351 B) (265 B gzip)
  ├─ .output/server/chunks/build/error-500-styles.DDm-niGj.mjs (2.19 kB) (858 B gzip)
  ├─ .output/server/chunks/build/error-500-styles.DDm-niGj.mjs.map (196 B) (155 B gzip)
  ├─ .output/server/chunks/build/server.mjs (1.42 MB) (300 kB gzip)
  ├─ .output/server/chunks/build/server.mjs.map (6.95 kB) (1.82 kB gzip)
  ├─ .output/server/chunks/build/styles.mjs (1.34 kB) (386 B gzip)
  ├─ .output/server/chunks/build/styles.mjs.map (465 B) (197 B gzip)
  ├─ .output/server/chunks/nitro/nitro.mjs (161 kB) (39.6 kB gzip)
  ├─ .output/server/chunks/nitro/nitro.mjs.map (6.94 kB) (1.07 kB gzip)
  ├─ .output/server/chunks/routes/renderer.mjs (15.4 kB) (4.72 kB gzip)
  ├─ .output/server/chunks/routes/renderer.mjs.map (1.92 kB) (391 B gzip)
  ├─ .output/server/chunks/virtual/_virtual_spa-template.mjs (94 B) (100 B gzip)
  ├─ .output/server/chunks/virtual/_virtual_spa-template.mjs.map (88 B) (97 B gzip)
  ├─ .output/server/index.mjs (353 B) (205 B gzip)
  └─ .output/server/package.json (669 B) (305 B gzip)
Σ Total size: 3.26 MB (745 kB gzip)
[nitro] ✔ You can preview this build using node .output/server/index.mjs
│
└  ✨ Build complete!
