$ nuxt build
┌  Building Nuxt for production...
│
●  Nuxt 3.21.11 (with Nitro 2.13.4, Vite 7.3.6 and Vue 3.5.42)
[nuxt] ℹ Running with compatibility version 4
│
●  Nitro preset: node-server
ℹ Building client...
ℹ vite v7.3.6 building client environment for production...
ℹ transforming...
ℹ ✓ 113 modules transformed.
ℹ rendering chunks...
ℹ computing gzip size...
ℹ ../.nuxt/dist/client/manifest.json                   3.25 kB │ gzip:   0.53 kB
ℹ ../.nuxt/dist/client/_nuxt/error-500.MtkgsrlC.css    1.88 kB │ gzip:   0.72 kB
ℹ ../.nuxt/dist/client/_nuxt/error-404.DEaPiww-.css    3.53 kB │ gzip:   1.10 kB
ℹ ../.nuxt/dist/client/_nuxt/D3qyzejn.js               0.41 kB │ gzip:   0.29 kB
ℹ ../.nuxt/dist/client/_nuxt/C8VWzno4.js               3.40 kB │ gzip:   1.55 kB
ℹ ../.nuxt/dist/client/_nuxt/oisbqTix.js               9.85 kB │ gzip:   4.01 kB
ℹ ../.nuxt/dist/client/_nuxt/Dar7KrzY.js              37.63 kB │ gzip:  10.00 kB
ℹ ../.nuxt/dist/client/_nuxt/CTFwIvUA.js             827.76 kB │ gzip: 253.77 kB

 WARN 
(!) Some chunks are larger than 500 kB after minification. Consider:
- Using dynamic import() to code-split the application
- Use build.rollupOptions.output.manualChunks to improve chunking: https://rollupjs.org/configuration-options/#output-manualchunks
- Adjust chunk size limit for this warning via build.chunkSizeWarningLimit.

ℹ ✓ built in 2.85s
✔ Client built in 2860ms
ℹ Building server...
ℹ vite v7.3.6 building ssr environment for production...
ℹ transforming...
ℹ ✓ 78 modules transformed.
ℹ rendering chunks...
ℹ ✓ built in 1.67s
✔ Server built in 1680ms
[nitro] ✔ Generated public .output/public
[nitro] ℹ Building Nuxt Nitro server (preset: node-server, compatibility date: 2026-09-11)
[nitro] ✔ Nuxt Nitro server built
  ├─ .output/server/chunks/_/error-500.mjs (4.9 kB) (2.05 kB gzip)
  ├─ .output/server/chunks/_/error-500.mjs.map (328 B) (242 B gzip)
  ├─ .output/server/chunks/build/_plugin-vue_export-helper-CmKukxlV.mjs (964 B) (509 B gzip)
  ├─ .output/server/chunks/build/_plugin-vue_export-helper-CmKukxlV.mjs.map (348 B) (273 B gzip)
  ├─ .output/server/chunks/build/_virtual_playwright-lite-mime-CpF3J5YM-CUDdQG1X-lkXBZ5b8.mjs (45.1 kB) (9.99 kB gzip)
  ├─ .output/server/chunks/build/_virtual_playwright-lite-mime-CpF3J5YM-CUDdQG1X-lkXBZ5b8.mjs.map (32.3 kB) (2.68 kB gzip)
  ├─ .output/server/chunks/build/client.precomputed.mjs (6.84 kB) (811 B gzip)
  ├─ .output/server/chunks/build/client.precomputed.mjs.map (3.18 kB) (398 B gzip)
  ├─ .output/server/chunks/build/error-404-b3Zug0B3.mjs (16.4 kB) (5 kB gzip)
  ├─ .output/server/chunks/build/error-404-b3Zug0B3.mjs.map (597 B) (304 B gzip)
  ├─ .output/server/chunks/build/error-404-styles.DG4P13T9.mjs (3.83 kB) (1.23 kB gzip)
  ├─ .output/server/chunks/build/error-404-styles.DG4P13T9.mjs.map (196 B) (157 B gzip)
  ├─ .output/server/chunks/build/error-500-DiRUQse4.mjs (4.87 kB) (2.07 kB gzip)
  ├─ .output/server/chunks/build/error-500-DiRUQse4.mjs.map (351 B) (273 B gzip)
  ├─ .output/server/chunks/build/error-500-styles.ZOOhVF8o.mjs (2.18 kB) (864 B gzip)
  ├─ .output/server/chunks/build/error-500-styles.ZOOhVF8o.mjs.map (196 B) (157 B gzip)
  ├─ .output/server/chunks/build/server.mjs (1.43 MB) (301 kB gzip)
  ├─ .output/server/chunks/build/server.mjs.map (6.78 kB) (1.81 kB gzip)
  ├─ .output/server/chunks/build/styles.mjs (688 B) (341 B gzip)
  ├─ .output/server/chunks/build/styles.mjs.map (325 B) (186 B gzip)
  ├─ .output/server/chunks/nitro/nitro.mjs (161 kB) (39.6 kB gzip)
  ├─ .output/server/chunks/nitro/nitro.mjs.map (6.95 kB) (1.07 kB gzip)
  ├─ .output/server/chunks/routes/renderer.mjs (14.4 kB) (4.58 kB gzip)
  ├─ .output/server/chunks/routes/renderer.mjs.map (1.94 kB) (393 B gzip)
  ├─ .output/server/chunks/virtual/_virtual_spa-template.mjs (94 B) (100 B gzip)
  ├─ .output/server/chunks/virtual/_virtual_spa-template.mjs.map (88 B) (97 B gzip)
  ├─ .output/server/index.mjs (353 B) (205 B gzip)
  └─ .output/server/package.json (669 B) (305 B gzip)
Σ Total size: 3.27 MB (746 kB gzip)
[nitro] ✔ You can preview this build using node .output/server/index.mjs
│
└  ✨ Build complete!
