$ nuxt build
┌  Building Nuxt for production...
│
●  Nuxt 3.14.0 (with Nitro 2.13.4, Vite 5.4.21 and Vue 3.5.42)
ℹ Running with compatibility version 4
│
●  Nitro preset: node-server
ℹ Building client...
ℹ vite v5.4.21 building for production...
ℹ transforming...
ℹ ✓ 112 modules transformed.
ℹ rendering chunks...
ℹ computing gzip size...
ℹ ../.nuxt/dist/client/manifest.json                   3.25 kB │ gzip:   0.53 kB
ℹ ../.nuxt/dist/client/_nuxt/error-500.BzW81iDB.css    1.88 kB │ gzip:   0.72 kB
ℹ ../.nuxt/dist/client/_nuxt/error-404.BkT2CVeA.css    3.56 kB │ gzip:   1.11 kB
ℹ ../.nuxt/dist/client/_nuxt/Bd0r4uXF.js               0.47 kB │ gzip:   0.31 kB
ℹ ../.nuxt/dist/client/_nuxt/DK9oQbti.js               3.42 kB │ gzip:   1.54 kB
ℹ ../.nuxt/dist/client/_nuxt/LFxGtha5.js               9.34 kB │ gzip:   3.76 kB
ℹ ../.nuxt/dist/client/_nuxt/Dar7KrzY.js              37.63 kB │ gzip:  10.00 kB
ℹ ../.nuxt/dist/client/_nuxt/BY4ktj_z.js             839.67 kB │ gzip: 256.82 kB

 WARN 
(!) Some chunks are larger than 500 kB after minification. Consider:
- Using dynamic import() to code-split the application
- Use build.rollupOptions.output.manualChunks to improve chunking: https://rollupjs.org/configuration-options/#output-manualchunks
- Adjust chunk size limit for this warning via build.chunkSizeWarningLimit.

ℹ ✓ built in 2.47s
✔ Client built in 2475ms
ℹ Building server...
ℹ vite v5.4.21 building SSR bundle for production...
ℹ transforming...
ℹ ✓ 68 modules transformed.
ℹ rendering chunks...
ℹ ../.nuxt/dist/server/_nuxt/error-500-styles.CRheLQXA.mjs                                    0.08 kB
ℹ ../.nuxt/dist/server/_nuxt/error-404-styles.ClIwMvfe.mjs                                    0.08 kB
ℹ ../.nuxt/dist/server/_nuxt/error-500-styles.Bhh8PhVc.mjs                                    0.15 kB
ℹ ../.nuxt/dist/server/_nuxt/error-404-styles.D05ypEed.mjs                                    0.15 kB
ℹ ../.nuxt/dist/server/styles.mjs                                                             1.29 kB
ℹ ../.nuxt/dist/server/_nuxt/_plugin-vue_export-helper-B8P8R7cg.js                            1.01 kB │ map:     1.85 kB
ℹ ../.nuxt/dist/server/_nuxt/error-500-styles-1.mjs-pu0XEWNp.js                               2.10 kB │ map:     0.12 kB
ℹ ../.nuxt/dist/server/_nuxt/error-404-styles-1.mjs-BFCskvGY.js                               3.76 kB │ map:     0.12 kB
ℹ ../.nuxt/dist/server/_nuxt/error-500-D-njgfKV.js                                            4.87 kB │ map:     5.61 kB
ℹ ../.nuxt/dist/server/_nuxt/multipart-parser-BPTJt95l.js                                     6.90 kB │ map:    10.89 kB
ℹ ../.nuxt/dist/server/_nuxt/error-404-BZagvdSM.js                                           15.80 kB │ map:    29.37 kB
ℹ ../.nuxt/dist/server/_nuxt/_virtual_playwright-lite-mime-CpF3J5YM-CUDdQG1X-lkXBZ5b8.js     45.15 kB │ map:    70.16 kB
ℹ ../.nuxt/dist/server/server.mjs                                                         1,633.60 kB │ map: 2,836.26 kB
ℹ ✓ built in 1.64s
✔ Server built in 1639ms
[nitro] ✔ Generated public .output/public
[nitro] ℹ Building Nuxt Nitro server (preset: node-server, compatibility date: 2026-09-11)
[nitro] ✔ Nuxt Nitro server built
  ├─ .output/server/chunks/_/error-500.mjs (4.77 kB) (2.02 kB gzip)
  ├─ .output/server/chunks/_/error-500.mjs.map (314 B) (244 B gzip)
  ├─ .output/server/chunks/build/_plugin-vue_export-helper-B8P8R7cg.mjs (1.01 kB) (480 B gzip)
  ├─ .output/server/chunks/build/_plugin-vue_export-helper-B8P8R7cg.mjs.map (266 B) (214 B gzip)
  ├─ .output/server/chunks/build/_virtual_playwright-lite-mime-CpF3J5YM-CUDdQG1X-lkXBZ5b8.mjs (45.1 kB) (9.99 kB gzip)
  ├─ .output/server/chunks/build/_virtual_playwright-lite-mime-CpF3J5YM-CUDdQG1X-lkXBZ5b8.mjs.map (32.3 kB) (2.68 kB gzip)
  ├─ .output/server/chunks/build/client.manifest.mjs (4 kB) (644 B gzip)
  ├─ .output/server/chunks/build/client.manifest.mjs.map (1.84 kB) (396 B gzip)
  ├─ .output/server/chunks/build/error-404-BZagvdSM.mjs (16.1 kB) (4.92 kB gzip)
  ├─ .output/server/chunks/build/error-404-BZagvdSM.mjs.map (804 B) (314 B gzip)
  ├─ .output/server/chunks/build/error-404-styles-1.mjs-BFCskvGY.mjs (3.76 kB) (1.21 kB gzip)
  ├─ .output/server/chunks/build/error-404-styles-1.mjs-BFCskvGY.mjs.map (98 B) (108 B gzip)
  ├─ .output/server/chunks/build/error-404-styles.ClIwMvfe.mjs (315 B) (204 B gzip)
  ├─ .output/server/chunks/build/error-404-styles.ClIwMvfe.mjs.map (192 B) (154 B gzip)
  ├─ .output/server/chunks/build/error-404-styles.D05ypEed.mjs (373 B) (209 B gzip)
  ├─ .output/server/chunks/build/error-404-styles.D05ypEed.mjs.map (214 B) (165 B gzip)
  ├─ .output/server/chunks/build/error-500-D-njgfKV.mjs (4.99 kB) (2.1 kB gzip)
  ├─ .output/server/chunks/build/error-500-D-njgfKV.mjs.map (351 B) (273 B gzip)
  ├─ .output/server/chunks/build/error-500-styles-1.mjs-pu0XEWNp.mjs (2.09 kB) (834 B gzip)
  ├─ .output/server/chunks/build/error-500-styles-1.mjs-pu0XEWNp.mjs.map (98 B) (108 B gzip)
  ├─ .output/server/chunks/build/error-500-styles.Bhh8PhVc.mjs (373 B) (210 B gzip)
  ├─ .output/server/chunks/build/error-500-styles.Bhh8PhVc.mjs.map (214 B) (167 B gzip)
  ├─ .output/server/chunks/build/error-500-styles.CRheLQXA.mjs (315 B) (204 B gzip)
  ├─ .output/server/chunks/build/error-500-styles.CRheLQXA.mjs.map (192 B) (155 B gzip)
  ├─ .output/server/chunks/build/multipart-parser-BPTJt95l.mjs (7.01 kB) (2.43 kB gzip)
  ├─ .output/server/chunks/build/multipart-parser-BPTJt95l.mjs.map (253 B) (188 B gzip)
  ├─ .output/server/chunks/build/server.mjs (1.63 MB) (346 kB gzip)
  ├─ .output/server/chunks/build/server.mjs.map (7.45 kB) (2.12 kB gzip)
  ├─ .output/server/chunks/build/styles.mjs (1.34 kB) (416 B gzip)
  ├─ .output/server/chunks/build/styles.mjs.map (465 B) (197 B gzip)
  ├─ .output/server/chunks/nitro/nitro.mjs (159 kB) (39.2 kB gzip)
  ├─ .output/server/chunks/nitro/nitro.mjs.map (6.94 kB) (1.08 kB gzip)
  ├─ .output/server/chunks/routes/renderer.mjs (13.2 kB) (4.23 kB gzip)
  ├─ .output/server/chunks/routes/renderer.mjs.map (703 B) (329 B gzip)
  ├─ .output/server/chunks/virtual/_virtual_spa-template.mjs (94 B) (100 B gzip)
  ├─ .output/server/chunks/virtual/_virtual_spa-template.mjs.map (88 B) (97 B gzip)
  ├─ .output/server/index.mjs (353 B) (204 B gzip)
  └─ .output/server/package.json (787 B) (333 B gzip)
Σ Total size: 3.46 MB (787 kB gzip)
[nitro] ✔ You can preview this build using node .output/server/index.mjs
│
└  ✨ Build complete!
