┌  Building Nuxt for production...
│
●  Nuxt 4.5.2 (with Nitro 2.13.4, Vite 8.2.2 and Vue 3.5.42)
│
●  Nitro preset: node-server
ℹ Building client...
ℹ vite v8.2.2 building client environment for production...
transforming...
✓ 139 modules transformed.
rendering chunks...
computing gzip size...
ℹ .nuxt/dist/client/manifest.json                   3.06 kB │ gzip:   0.55 kB
.nuxt/dist/client/_nuxt/error-500.D-1oK4lX.css    1.90 kB │ gzip:   0.72 kB
.nuxt/dist/client/_nuxt/error-404.BqPC0LEF.css    2.42 kB │ gzip:   0.85 kB
.nuxt/dist/client/_nuxt/BDaMwMv5.js               0.92 kB │ gzip:   0.54 kB
.nuxt/dist/client/_nuxt/Csm7f05x.js               3.38 kB │ gzip:   1.53 kB
.nuxt/dist/client/_nuxt/CPqE9uKF.js               9.83 kB │ gzip:   3.98 kB
.nuxt/dist/client/_nuxt/Ddpsc6v8.js              37.62 kB │ gzip:  10.10 kB
.nuxt/dist/client/_nuxt/DEmUBr0M.js              84.77 kB │ gzip:  32.52 kB
.nuxt/dist/client/_nuxt/DIjqGeAJ.js             732.34 kB │ gzip: 216.01 kB

ℹ ✓ built in 1.41s

 WARN  [plugin builtin:vite-reporter] 
(!) Some chunks are larger than 500 kB after minification. Consider:
- Using dynamic import() to code-split the application
- Use build.rolldownOptions.output.codeSplitting to improve chunking: https://rolldown.rs/reference/OutputOptions.codeSplitting
- Adjust chunk size limit for this warning via build.chunkSizeWarningLimit.

✔ Client built in 1435ms
ℹ Building server...
ℹ vite v8.2.2 building ssr environment for production...
transforming...
✓ 71 modules transformed.
rendering chunks...
ℹ .nuxt/dist/server/_nuxt/error-404-styles.BWNjZl0f.mjs                                    0.08 kB
.nuxt/dist/server/_nuxt/error-500-styles.Mmq-diB5.mjs                                    0.08 kB
.nuxt/dist/server/styles.mjs                                                             0.63 kB
.nuxt/dist/server/_nuxt/_plugin-vue_export-helper-BOaGB7Aw.js                            0.26 kB
.nuxt/dist/server/_nuxt/error-500-styles-1.mjs-C0B6BAyl.js                               2.45 kB │ map:     5.30 kB
.nuxt/dist/server/_nuxt/error-404-styles-1.mjs-PknxGVIE.js                               2.97 kB │ map:     5.94 kB
.nuxt/dist/server/_nuxt/error-500-CwlaAy_t.js                                            4.67 kB │ map:     5.63 kB
.nuxt/dist/server/_nuxt/error-404-BsevWZje.js                                           14.66 kB │ map:    27.86 kB
.nuxt/dist/server/_nuxt/_virtual_playwright-lite-mime-CpF3J5YM-CUDdQG1X-DTrcX3MS.js     44.00 kB │ map:    63.95 kB
.nuxt/dist/server/server.mjs                                                         1,436.36 kB │ map: 2,487.63 kB

ℹ ✓ built in 524ms
✔ Server built in 536ms
[nitro] ✔ Generated public .output/public
[nitro] ℹ Building Nuxt Nitro server (preset: node-server, compatibility date: 2026-09-11)
.nuxt/dist/server/server.mjs (29472:0): A comment

"/** Anchors a pattern source. The interpolation lives here rather than at the call site because
* esbuild will not drop a `@__PURE__` call whose own argument interpolates a variable, but it
* will drop `anchor(dateSource)`. Keeping it inline pinned `date` into every bundle. */"

in ".nuxt/dist/server/server.mjs" contains an annotation that Rollup cannot interpret due to the position of the comment. The comment will be removed to avoid issues.
[nitro] ✔ Nuxt Nitro server built
  ├─ .output/server/chunks/_/error-500.mjs (5.05 kB) (2.07 kB gzip)
  ├─ .output/server/chunks/_/error-500.mjs.map (265 B) (200 B gzip)
  ├─ .output/server/chunks/build/_plugin-vue_export-helper-BOaGB7Aw.mjs (286 B) (206 B gzip)
  ├─ .output/server/chunks/build/_plugin-vue_export-helper-BOaGB7Aw.mjs.map (380 B) (239 B gzip)
  ├─ .output/server/chunks/build/_virtual_playwright-lite-mime-CpF3J5YM-CUDdQG1X-DTrcX3MS.mjs (45.1 kB) (9.93 kB gzip)
  ├─ .output/server/chunks/build/_virtual_playwright-lite-mime-CpF3J5YM-CUDdQG1X-DTrcX3MS.mjs.map (32.3 kB) (2.68 kB gzip)
  ├─ .output/server/chunks/build/error-404-BsevWZje.mjs (15.4 kB) (4.69 kB gzip)
  ├─ .output/server/chunks/build/error-404-BsevWZje.mjs.map (582 B) (290 B gzip)
  ├─ .output/server/chunks/build/error-404-styles.BWNjZl0f.mjs (2.76 kB) (1 kB gzip)
  ├─ .output/server/chunks/build/error-404-styles.BWNjZl0f.mjs.map (196 B) (156 B gzip)
  ├─ .output/server/chunks/build/error-500-CwlaAy_t.mjs (4.94 kB) (2.08 kB gzip)
  ├─ .output/server/chunks/build/error-500-CwlaAy_t.mjs.map (329 B) (252 B gzip)
  ├─ .output/server/chunks/build/error-500-styles.Mmq-diB5.mjs (2.23 kB) (879 B gzip)
  ├─ .output/server/chunks/build/error-500-styles.Mmq-diB5.mjs.map (196 B) (156 B gzip)
  ├─ .output/server/chunks/nitro/nitro.mjs (161 kB) (40 kB gzip)
  ├─ .output/server/chunks/nitro/nitro.mjs.map (6.72 kB) (1.04 kB gzip)
  ├─ .output/server/chunks/routes/renderer.mjs (16.2 kB) (5.56 kB gzip)
  ├─ .output/server/chunks/routes/renderer.mjs.map (2.29 kB) (437 B gzip)
  ├─ .output/server/chunks/virtual/_virtual_spa-template.mjs (94 B) (100 B gzip)
  ├─ .output/server/chunks/virtual/_virtual_spa-template.mjs.map (88 B) (97 B gzip)
  ├─ .output/server/chunks/virtual/entry.mjs (1.44 MB) (331 kB gzip)
  ├─ .output/server/chunks/virtual/entry.mjs.map (6.53 kB) (1.22 kB gzip)
  ├─ .output/server/chunks/virtual/precomputed.mjs (6.49 kB) (842 B gzip)
  ├─ .output/server/chunks/virtual/precomputed.mjs.map (3.6 kB) (400 B gzip)
  ├─ .output/server/chunks/virtual/styles.mjs (702 B) (339 B gzip)
  ├─ .output/server/chunks/virtual/styles.mjs.map (325 B) (186 B gzip)
  ├─ .output/server/index.mjs (353 B) (205 B gzip)
  └─ .output/server/package.json (692 B) (311 B gzip)
Σ Total size: 3.42 MB (815 kB gzip)
[nitro] ✔ You can preview this build using node .output/server/index.mjs
│
└  ✨ Build complete!
