$ nuxt build
┌  Building Nuxt for production...
│
●  Nuxt 4.5.0 (with Nitro 2.13.4, Vite 8.2.2 and Vue 3.5.42)
│
●  Nitro preset: node-server
ℹ Building client...
ℹ vite v8.2.2 building client environment for production...
transforming...
✓ 143 modules transformed.
rendering chunks...
computing gzip size...
ℹ .nuxt/dist/client/manifest.json                   3.03 kB │ gzip:   0.51 kB
.nuxt/dist/client/_nuxt/error-500.DjzC5i_h.css    1.90 kB │ gzip:   0.72 kB
.nuxt/dist/client/_nuxt/error-404.CQb9Ewi8.css    2.42 kB │ gzip:   0.85 kB
.nuxt/dist/client/_nuxt/BDNMzG2s.js               0.08 kB │ gzip:   0.09 kB
.nuxt/dist/client/_nuxt/Dnd42YH_.js               3.40 kB │ gzip:   1.53 kB
.nuxt/dist/client/_nuxt/B3dLYM3N.js               9.78 kB │ gzip:   3.97 kB
.nuxt/dist/client/_nuxt/Ddpsc6v8.js              37.62 kB │ gzip:  10.10 kB
.nuxt/dist/client/_nuxt/DTK00QNd.js             818.30 kB │ gzip: 247.91 kB


 WARN  [plugin builtin:vite-reporter] 
(!) Some chunks are larger than 500 kB after minification. Consider:
- Using dynamic import() to code-split the application
- Use build.rolldownOptions.output.codeSplitting to improve chunking: https://rolldown.rs/reference/OutputOptions.codeSplitting
- Adjust chunk size limit for this warning via build.chunkSizeWarningLimit.

ℹ ✓ built in 1.64s
✔ Client built in 1663ms
ℹ Building server...
ℹ vite v8.2.2 building ssr environment for production...
transforming...
✓ 71 modules transformed.
rendering chunks...
ℹ .nuxt/dist/server/_nuxt/error-404-styles.YjAvFIfS.mjs                                    0.08 kB
.nuxt/dist/server/_nuxt/error-500-styles.55pOOe9v.mjs                                    0.08 kB
.nuxt/dist/server/styles.mjs                                                             0.63 kB
.nuxt/dist/server/_nuxt/_plugin-vue_export-helper-BOaGB7Aw.js                            0.26 kB
.nuxt/dist/server/_nuxt/error-500-styles-1.mjs-DXN5jg4M.js                               2.42 kB │ map:     5.33 kB
.nuxt/dist/server/_nuxt/error-404-styles-1.mjs-CV2fjXX3.js                               2.95 kB │ map:     5.97 kB
.nuxt/dist/server/_nuxt/error-500-CW5kIeAs.js                                            4.69 kB │ map:     5.66 kB
.nuxt/dist/server/_nuxt/error-404-DEaCw5BB.js                                           14.62 kB │ map:    27.15 kB
.nuxt/dist/server/_nuxt/_virtual_playwright-lite-mime-CpF3J5YM-CUDdQG1X-DTrcX3MS.js     44.00 kB │ map:    63.95 kB
.nuxt/dist/server/server.mjs                                                         1,434.89 kB │ map: 2,484.07 kB

ℹ ✓ built in 652ms
✔ Server built in 660ms
[nitro] ✔ Generated public .output/public
[nitro] ℹ Building Nuxt Nitro server (preset: node-server, compatibility date: 2026-09-11)
.nuxt/dist/server/server.mjs (29432:0): A comment

"/** Anchors a pattern source. The interpolation lives here rather than at the call site because
* esbuild will not drop a `@__PURE__` call whose own argument interpolates a variable, but it
* will drop `anchor(dateSource)`. Keeping it inline pinned `date` into every bundle. */"

in ".nuxt/dist/server/server.mjs" contains an annotation that Rollup cannot interpret due to the position of the comment. The comment will be removed to avoid issues.
[nitro] ✔ Nuxt Nitro server built
  ├─ .output/server/chunks/_/error-500.mjs (5.08 kB) (2.07 kB gzip)
  ├─ .output/server/chunks/_/error-500.mjs.map (265 B) (201 B gzip)
  ├─ .output/server/chunks/build/_plugin-vue_export-helper-BOaGB7Aw.mjs (286 B) (206 B gzip)
  ├─ .output/server/chunks/build/_plugin-vue_export-helper-BOaGB7Aw.mjs.map (380 B) (237 B gzip)
  ├─ .output/server/chunks/build/_virtual_playwright-lite-mime-CpF3J5YM-CUDdQG1X-DTrcX3MS.mjs (45.1 kB) (9.99 kB gzip)
  ├─ .output/server/chunks/build/_virtual_playwright-lite-mime-CpF3J5YM-CUDdQG1X-DTrcX3MS.mjs.map (32.3 kB) (2.68 kB gzip)
  ├─ .output/server/chunks/build/error-404-DEaCw5BB.mjs (15.4 kB) (4.68 kB gzip)
  ├─ .output/server/chunks/build/error-404-DEaCw5BB.mjs.map (11.7 kB) (2.8 kB gzip)
  ├─ .output/server/chunks/build/error-404-styles.YjAvFIfS.mjs (2.73 kB) (995 B gzip)
  ├─ .output/server/chunks/build/error-404-styles.YjAvFIfS.mjs.map (298 B) (195 B gzip)
  ├─ .output/server/chunks/build/error-500-CW5kIeAs.mjs (4.97 kB) (2.11 kB gzip)
  ├─ .output/server/chunks/build/error-500-CW5kIeAs.mjs.map (1.65 kB) (564 B gzip)
  ├─ .output/server/chunks/build/error-500-styles.55pOOe9v.mjs (2.21 kB) (866 B gzip)
  ├─ .output/server/chunks/build/error-500-styles.55pOOe9v.mjs.map (298 B) (197 B gzip)
  ├─ .output/server/chunks/nitro/nitro.mjs (161 kB) (39.8 kB gzip)
  ├─ .output/server/chunks/nitro/nitro.mjs.map (6.72 kB) (1.04 kB gzip)
  ├─ .output/server/chunks/routes/renderer.mjs (15.5 kB) (5.33 kB gzip)
  ├─ .output/server/chunks/routes/renderer.mjs.map (2.29 kB) (436 B gzip)
  ├─ .output/server/chunks/virtual/_virtual_spa-template.mjs (94 B) (100 B gzip)
  ├─ .output/server/chunks/virtual/_virtual_spa-template.mjs.map (88 B) (97 B gzip)
  ├─ .output/server/chunks/virtual/entry.mjs (1.44 MB) (330 kB gzip)
  ├─ .output/server/chunks/virtual/entry.mjs.map (670 B) (372 B gzip)
  ├─ .output/server/chunks/virtual/precomputed.mjs (6.45 kB) (784 B gzip)
  ├─ .output/server/chunks/virtual/precomputed.mjs.map (3.12 kB) (381 B gzip)
  ├─ .output/server/chunks/virtual/styles.mjs (702 B) (340 B gzip)
  ├─ .output/server/chunks/virtual/styles.mjs.map (325 B) (187 B gzip)
  ├─ .output/server/index.mjs (353 B) (205 B gzip)
  └─ .output/server/package.json (692 B) (313 B gzip)
Σ Total size: 3.42 MB (815 kB gzip)
[nitro] ✔ You can preview this build using node .output/server/index.mjs
│
└  ✨ Build complete!
