$ nuxt build
┌  Building Nuxt for production...
│
●  Nuxt 4.5.2 (with Nitro 2.13.4, Vite 8.2.2 and Vue 3.5.42)
│
●  Nitro preset: node-server
ℹ Building client...
ℹ vite v8.2.2 building client environment for production...
transforming...
✓ 139 modules transformed.
rendering chunks...
computing gzip size...
ℹ .nuxt/dist/client/manifest.json                   3.06 kB │ gzip:   0.55 kB
.nuxt/dist/client/_nuxt/error-500.DbgcTt0I.css    1.90 kB │ gzip:   0.72 kB
.nuxt/dist/client/_nuxt/error-404.BIBV2F4L.css    2.42 kB │ gzip:   0.85 kB
.nuxt/dist/client/_nuxt/BBTVzWD6.js               0.92 kB │ gzip:   0.55 kB
.nuxt/dist/client/_nuxt/D2IOnI1E.js               3.38 kB │ gzip:   1.53 kB
.nuxt/dist/client/_nuxt/Cxgqkl1O.js               9.83 kB │ gzip:   3.99 kB
.nuxt/dist/client/_nuxt/Ddpsc6v8.js              37.62 kB │ gzip:  10.10 kB
.nuxt/dist/client/_nuxt/BvLBZY_M.js              84.75 kB │ gzip:  32.51 kB
.nuxt/dist/client/_nuxt/BCykJT1I.js             737.62 kB │ gzip: 217.74 kB


 WARN  [plugin builtin:vite-reporter] 
(!) Some chunks are larger than 500 kB after minification. Consider:
- Using dynamic import() to code-split the application
- Use build.rolldownOptions.output.codeSplitting to improve chunking: https://rolldown.rs/reference/OutputOptions.codeSplitting
- Adjust chunk size limit for this warning via build.chunkSizeWarningLimit.

ℹ ✓ built in 1.20s
✔ Client built in 1216ms
ℹ Building server...
ℹ vite v8.2.2 building ssr environment for production...
transforming...
✓ 71 modules transformed.
rendering chunks...
ℹ .nuxt/dist/server/_nuxt/error-404-styles.Bpfha3Ly.mjs                                    0.08 kB
.nuxt/dist/server/_nuxt/error-500-styles.C6qUnt1f.mjs                                    0.08 kB
.nuxt/dist/server/styles.mjs                                                             0.63 kB
.nuxt/dist/server/_nuxt/_plugin-vue_export-helper-BOaGB7Aw.js                            0.26 kB
.nuxt/dist/server/_nuxt/error-500-styles-1.mjs-BNl8KK1b.js                               2.45 kB │ map:     5.30 kB
.nuxt/dist/server/_nuxt/error-404-styles-1.mjs-DIfOdrrq.js                               2.97 kB │ map:     5.94 kB
.nuxt/dist/server/_nuxt/error-500-dGDGmXQg.js                                            4.67 kB │ map:     5.63 kB
.nuxt/dist/server/_nuxt/error-404-Cc6a6Te_.js                                           14.66 kB │ map:    27.86 kB
.nuxt/dist/server/_nuxt/_virtual_playwright-lite-mime-CpF3J5YM-CUDdQG1X-DTrcX3MS.js     44.00 kB │ map:    63.95 kB
.nuxt/dist/server/server.mjs                                                         1,447.03 kB │ map: 2,504.14 kB

ℹ ✓ built in 457ms
✔ Server built in 466ms
[nitro] ✔ Generated public .output/public
[nitro] ℹ Building Nuxt Nitro server (preset: node-server, compatibility date: 2026-09-11)
.nuxt/dist/server/server.mjs (29472:0): A comment

"/** Anchors a pattern source. The interpolation lives here rather than at the call site because
* esbuild will not drop a `@__PURE__` call whose own argument interpolates a variable, but it
* will drop `anchor(dateSource)`. Keeping it inline pinned `date` into every bundle. */"

in ".nuxt/dist/server/server.mjs" contains an annotation that Rollup cannot interpret due to the position of the comment. The comment will be removed to avoid issues.
[nitro] ✔ Nuxt Nitro server built
  ├─ .output/server/chunks/_/error-500.mjs (5.05 kB) (2.06 kB gzip)
  ├─ .output/server/chunks/_/error-500.mjs.map (265 B) (204 B gzip)
  ├─ .output/server/chunks/build/_plugin-vue_export-helper-BOaGB7Aw.mjs (286 B) (206 B gzip)
  ├─ .output/server/chunks/build/_plugin-vue_export-helper-BOaGB7Aw.mjs.map (380 B) (237 B gzip)
  ├─ .output/server/chunks/build/_virtual_playwright-lite-mime-CpF3J5YM-CUDdQG1X-DTrcX3MS.mjs (45.1 kB) (9.99 kB gzip)
  ├─ .output/server/chunks/build/_virtual_playwright-lite-mime-CpF3J5YM-CUDdQG1X-DTrcX3MS.mjs.map (32.3 kB) (2.68 kB gzip)
  ├─ .output/server/chunks/build/error-404-Cc6a6Te_.mjs (15.4 kB) (4.69 kB gzip)
  ├─ .output/server/chunks/build/error-404-Cc6a6Te_.mjs.map (582 B) (290 B gzip)
  ├─ .output/server/chunks/build/error-404-styles.Bpfha3Ly.mjs (2.76 kB) (1 kB gzip)
  ├─ .output/server/chunks/build/error-404-styles.Bpfha3Ly.mjs.map (196 B) (155 B gzip)
  ├─ .output/server/chunks/build/error-500-dGDGmXQg.mjs (4.94 kB) (2.1 kB gzip)
  ├─ .output/server/chunks/build/error-500-dGDGmXQg.mjs.map (329 B) (257 B gzip)
  ├─ .output/server/chunks/build/error-500-styles.C6qUnt1f.mjs (2.23 kB) (873 B gzip)
  ├─ .output/server/chunks/build/error-500-styles.C6qUnt1f.mjs.map (196 B) (156 B gzip)
  ├─ .output/server/chunks/nitro/nitro.mjs (161 kB) (39.8 kB gzip)
  ├─ .output/server/chunks/nitro/nitro.mjs.map (6.72 kB) (1.06 kB gzip)
  ├─ .output/server/chunks/routes/renderer.mjs (16.2 kB) (5.55 kB gzip)
  ├─ .output/server/chunks/routes/renderer.mjs.map (2.29 kB) (437 B gzip)
  ├─ .output/server/chunks/virtual/_virtual_spa-template.mjs (94 B) (100 B gzip)
  ├─ .output/server/chunks/virtual/_virtual_spa-template.mjs.map (88 B) (97 B gzip)
  ├─ .output/server/chunks/virtual/entry.mjs (1.45 MB) (333 kB gzip)
  ├─ .output/server/chunks/virtual/entry.mjs.map (6.44 kB) (1.17 kB gzip)
  ├─ .output/server/chunks/virtual/precomputed.mjs (6.49 kB) (846 B gzip)
  ├─ .output/server/chunks/virtual/precomputed.mjs.map (3.6 kB) (403 B gzip)
  ├─ .output/server/chunks/virtual/styles.mjs (702 B) (337 B gzip)
  ├─ .output/server/chunks/virtual/styles.mjs.map (325 B) (187 B gzip)
  ├─ .output/server/index.mjs (353 B) (205 B gzip)
  └─ .output/server/package.json (692 B) (313 B gzip)
Σ Total size: 3.43 MB (816 kB gzip)
[nitro] ✔ You can preview this build using node .output/server/index.mjs
│
└  ✨ Build complete!
