$ nuxt build
┌  Building Nuxt for production...
│
●  Nuxt 3.17.7 (with Nitro 2.13.4, Vite 6.4.3 and Vue 3.5.42)
[nuxt] ℹ Running with compatibility version 4
│
●  Nitro preset: node-server
ℹ Building client...
ℹ vite v6.4.3 building for production...
ℹ transforming...
ℹ ✓ 134 modules transformed.
ℹ rendering chunks...
ℹ computing gzip size...
ℹ ../.nuxt/dist/client/manifest.json                   3.25 kB │ gzip:   0.53 kB
ℹ ../.nuxt/dist/client/_nuxt/error-500.BEkWXE0f.css    1.88 kB │ gzip:   0.72 kB
ℹ ../.nuxt/dist/client/_nuxt/error-404.rgiSUJhS.css    3.55 kB │ gzip:   1.10 kB
ℹ ../.nuxt/dist/client/_nuxt/D8BKvATD.js               0.43 kB │ gzip:   0.30 kB
ℹ ../.nuxt/dist/client/_nuxt/BTK1YEBI.js               3.42 kB │ gzip:   1.55 kB
ℹ ../.nuxt/dist/client/_nuxt/BOvrpDfx.js               9.63 kB │ gzip:   3.86 kB
ℹ ../.nuxt/dist/client/_nuxt/Dar7KrzY.js              37.63 kB │ gzip:  10.00 kB
ℹ ../.nuxt/dist/client/_nuxt/DXXFFrwf.js             841.56 kB │ gzip: 257.01 kB

 WARN 
(!) Some chunks are larger than 500 kB after minification. Consider:
- Using dynamic import() to code-split the application
- Use build.rollupOptions.output.manualChunks to improve chunking: https://rollupjs.org/configuration-options/#output-manualchunks
- Adjust chunk size limit for this warning via build.chunkSizeWarningLimit.

ℹ ✓ built in 2.48s
✔ Client built in 2484ms
ℹ Building server...
ℹ vite v6.4.3 building SSR bundle for production...
ℹ transforming...
ℹ ✓ 77 modules transformed.
ℹ rendering chunks...
ℹ ✓ built in 1.61s
✔ Server built in 1610ms
[nitro] ✔ Generated public .output/public
[nitro] ℹ Building Nuxt Nitro server (preset: node-server, compatibility date: 2026-09-11)
[nitro] ✔ Nuxt Nitro server built
  ├─ .output/server/chunks/_/error-500.mjs (4.88 kB) (2.05 kB gzip)
  ├─ .output/server/chunks/_/error-500.mjs.map (324 B) (253 B gzip)
  ├─ .output/server/chunks/build/_plugin-vue_export-helper-D0-GQdE8.mjs (948 B) (505 B gzip)
  ├─ .output/server/chunks/build/_plugin-vue_export-helper-D0-GQdE8.mjs.map (348 B) (275 B gzip)
  ├─ .output/server/chunks/build/_virtual_playwright-lite-mime-CpF3J5YM-CUDdQG1X-lkXBZ5b8.mjs (45.1 kB) (9.99 kB gzip)
  ├─ .output/server/chunks/build/_virtual_playwright-lite-mime-CpF3J5YM-CUDdQG1X-lkXBZ5b8.mjs.map (32.3 kB) (2.68 kB gzip)
  ├─ .output/server/chunks/build/client.manifest.mjs (4 kB) (645 B gzip)
  ├─ .output/server/chunks/build/client.manifest.mjs.map (1.84 kB) (396 B gzip)
  ├─ .output/server/chunks/build/error-404-CN9B5awH.mjs (15.6 kB) (4.77 kB gzip)
  ├─ .output/server/chunks/build/error-404-CN9B5awH.mjs.map (592 B) (306 B gzip)
  ├─ .output/server/chunks/build/error-404-styles-1.mjs-C5CpUEHA.mjs (3.76 kB) (1.21 kB gzip)
  ├─ .output/server/chunks/build/error-404-styles-1.mjs-C5CpUEHA.mjs.map (98 B) (108 B gzip)
  ├─ .output/server/chunks/build/error-404-styles.Bd29Z-D2.mjs (313 B) (206 B gzip)
  ├─ .output/server/chunks/build/error-404-styles.Bd29Z-D2.mjs.map (192 B) (154 B gzip)
  ├─ .output/server/chunks/build/error-404-styles.btTxUKyg.mjs (373 B) (210 B gzip)
  ├─ .output/server/chunks/build/error-404-styles.btTxUKyg.mjs.map (214 B) (167 B gzip)
  ├─ .output/server/chunks/build/error-500-Bm5tSeUJ.mjs (4.97 kB) (2.1 kB gzip)
  ├─ .output/server/chunks/build/error-500-Bm5tSeUJ.mjs.map (351 B) (274 B gzip)
  ├─ .output/server/chunks/build/error-500-styles-1.mjs-Da4bL7R8.mjs (2.09 kB) (832 B gzip)
  ├─ .output/server/chunks/build/error-500-styles-1.mjs-Da4bL7R8.mjs.map (98 B) (108 B gzip)
  ├─ .output/server/chunks/build/error-500-styles.DnV2JDr3.mjs (373 B) (209 B gzip)
  ├─ .output/server/chunks/build/error-500-styles.DnV2JDr3.mjs.map (214 B) (167 B gzip)
  ├─ .output/server/chunks/build/error-500-styles.iNymZ9Gp.mjs (315 B) (204 B gzip)
  ├─ .output/server/chunks/build/error-500-styles.iNymZ9Gp.mjs.map (192 B) (154 B gzip)
  ├─ .output/server/chunks/build/multipart-parser-7LV4rgYa.mjs (6.99 kB) (2.42 kB gzip)
  ├─ .output/server/chunks/build/multipart-parser-7LV4rgYa.mjs.map (253 B) (184 B gzip)
  ├─ .output/server/chunks/build/server.mjs (1.62 MB) (341 kB gzip)
  ├─ .output/server/chunks/build/server.mjs.map (7.68 kB) (2.07 kB gzip)
  ├─ .output/server/chunks/build/styles.mjs (1.34 kB) (415 B gzip)
  ├─ .output/server/chunks/build/styles.mjs.map (465 B) (197 B gzip)
  ├─ .output/server/chunks/nitro/nitro.mjs (160 kB) (39.4 kB gzip)
  ├─ .output/server/chunks/nitro/nitro.mjs.map (6.96 kB) (1.1 kB gzip)
  ├─ .output/server/chunks/routes/renderer.mjs (14.5 kB) (4.51 kB gzip)
  ├─ .output/server/chunks/routes/renderer.mjs.map (1.92 kB) (400 B gzip)
  ├─ .output/server/chunks/virtual/_virtual_spa-template.mjs (94 B) (100 B gzip)
  ├─ .output/server/chunks/virtual/_virtual_spa-template.mjs.map (88 B) (97 B gzip)
  ├─ .output/server/index.mjs (353 B) (205 B gzip)
  └─ .output/server/package.json (669 B) (305 B gzip)
Σ Total size: 3.47 MB (790 kB gzip)
[nitro] ✔ You can preview this build using node .output/server/index.mjs
│
└  ✨ Build complete!
