$ nuxt build
┌  Building Nuxt for production...
│
●  Nuxt 3.16.2 (with Nitro 2.13.4, Vite 6.4.3 and Vue 3.5.42)
[nuxt] ℹ Running with compatibility version 4
│
●  Nitro preset: node-server
ℹ Building client...
ℹ vite v6.4.3 building for production...
ℹ transforming...
ℹ ✓ 133 modules transformed.
ℹ rendering chunks...
ℹ computing gzip size...
ℹ ../.nuxt/dist/client/manifest.json                   3.25 kB │ gzip:   0.53 kB
ℹ ../.nuxt/dist/client/_nuxt/error-500.WvKSX4I9.css    1.88 kB │ gzip:   0.72 kB
ℹ ../.nuxt/dist/client/_nuxt/error-404.nrT0FIut.css    3.55 kB │ gzip:   1.10 kB
ℹ ../.nuxt/dist/client/_nuxt/DYIpK9bH.js               0.43 kB │ gzip:   0.31 kB
ℹ ../.nuxt/dist/client/_nuxt/Db8QQ46h.js               3.42 kB │ gzip:   1.55 kB
ℹ ../.nuxt/dist/client/_nuxt/D5prPVHC.js               9.45 kB │ gzip:   3.80 kB
ℹ ../.nuxt/dist/client/_nuxt/Dar7KrzY.js              37.63 kB │ gzip:  10.00 kB
ℹ ../.nuxt/dist/client/_nuxt/SXjpN2Q4.js             841.25 kB │ gzip: 256.89 kB

 WARN 
(!) Some chunks are larger than 500 kB after minification. Consider:
- Using dynamic import() to code-split the application
- Use build.rollupOptions.output.manualChunks to improve chunking: https://rollupjs.org/configuration-options/#output-manualchunks
- Adjust chunk size limit for this warning via build.chunkSizeWarningLimit.

ℹ ✓ built in 2.39s
✔ Client built in 2394ms
ℹ Building server...
ℹ vite v6.4.3 building SSR bundle for production...
ℹ transforming...
ℹ ✓ 76 modules transformed.
ℹ rendering chunks...
ℹ ✓ built in 1.63s
✔ Server built in 1638ms
[nitro] ✔ Generated public .output/public
[nitro] ℹ Building Nuxt Nitro server (preset: node-server, compatibility date: 2026-09-11)
[nitro] ✔ Nuxt Nitro server built
  ├─ .output/server/chunks/_/error-500.mjs (4.77 kB) (2.02 kB gzip)
  ├─ .output/server/chunks/_/error-500.mjs.map (324 B) (249 B gzip)
  ├─ .output/server/chunks/build/_virtual_playwright-lite-mime-CpF3J5YM-CUDdQG1X.mjs (45.1 kB) (9.98 kB gzip)
  ├─ .output/server/chunks/build/_virtual_playwright-lite-mime-CpF3J5YM-CUDdQG1X.mjs.map (32.3 kB) (2.67 kB gzip)
  ├─ .output/server/chunks/build/client.manifest.mjs (4 kB) (643 B gzip)
  ├─ .output/server/chunks/build/client.manifest.mjs.map (1.84 kB) (396 B gzip)
  ├─ .output/server/chunks/build/error-404-styles-1.mjs.mjs (3.75 kB) (1.19 kB gzip)
  ├─ .output/server/chunks/build/error-404-styles-1.mjs.mjs.map (89 B) (99 B gzip)
  ├─ .output/server/chunks/build/error-404-styles.BNmKahfp.mjs (306 B) (193 B gzip)
  ├─ .output/server/chunks/build/error-404-styles.BNmKahfp.mjs.map (192 B) (155 B gzip)
  ├─ .output/server/chunks/build/error-404-styles.wRz_-Rw1.mjs (362 B) (197 B gzip)
  ├─ .output/server/chunks/build/error-404-styles.wRz_-Rw1.mjs.map (214 B) (166 B gzip)
  ├─ .output/server/chunks/build/error-404.vue.mjs (14.7 kB) (4.59 kB gzip)
  ├─ .output/server/chunks/build/error-404.vue.mjs.map (577 B) (284 B gzip)
  ├─ .output/server/chunks/build/error-500-styles-1.mjs.mjs (2.08 kB) (823 B gzip)
  ├─ .output/server/chunks/build/error-500-styles-1.mjs.mjs.map (89 B) (99 B gzip)
  ├─ .output/server/chunks/build/error-500-styles.Cx3AJg0u.mjs (306 B) (194 B gzip)
  ├─ .output/server/chunks/build/error-500-styles.Cx3AJg0u.mjs.map (192 B) (153 B gzip)
  ├─ .output/server/chunks/build/error-500-styles.TwxDbBgG.mjs (364 B) (200 B gzip)
  ├─ .output/server/chunks/build/error-500-styles.TwxDbBgG.mjs.map (214 B) (167 B gzip)
  ├─ .output/server/chunks/build/error-500.vue.mjs (4.85 kB) (2.04 kB gzip)
  ├─ .output/server/chunks/build/error-500.vue.mjs.map (346 B) (261 B gzip)
  ├─ .output/server/chunks/build/server.mjs (1.45 MB) (304 kB gzip)
  ├─ .output/server/chunks/build/server.mjs.map (6.44 kB) (1.78 kB gzip)
  ├─ .output/server/chunks/build/styles.mjs (1.34 kB) (415 B gzip)
  ├─ .output/server/chunks/build/styles.mjs.map (465 B) (197 B gzip)
  ├─ .output/server/chunks/build/v4.mjs (917 B) (484 B gzip)
  ├─ .output/server/chunks/build/v4.mjs.map (316 B) (245 B gzip)
  ├─ .output/server/chunks/nitro/nitro.mjs (160 kB) (39.4 kB gzip)
  ├─ .output/server/chunks/nitro/nitro.mjs.map (6.96 kB) (1.09 kB gzip)
  ├─ .output/server/chunks/routes/renderer.mjs (14 kB) (4.45 kB gzip)
  ├─ .output/server/chunks/routes/renderer.mjs.map (1.44 kB) (382 B gzip)
  ├─ .output/server/chunks/virtual/_virtual_spa-template.mjs (94 B) (100 B gzip)
  ├─ .output/server/chunks/virtual/_virtual_spa-template.mjs.map (88 B) (97 B gzip)
  ├─ .output/server/index.mjs (353 B) (204 B gzip)
  └─ .output/server/package.json (669 B) (305 B gzip)
Σ Total size: 3.28 MB (749 kB gzip)
[nitro] ✔ You can preview this build using node .output/server/index.mjs
│
└  ✨ Build complete!
