$ nuxt build
┌  Building Nuxt for production...
│
●  Nuxt 4.0.1 (with Nitro 2.13.4, Vite 7.3.6 and Vue 3.5.42)
│
●  Nitro preset: node-server
ℹ Building client...
ℹ vite v7.3.6 building client environment for production...
ℹ transforming...
ℹ ✓ 134 modules transformed.
ℹ rendering chunks...
ℹ computing gzip size...
ℹ ../.nuxt/dist/client/manifest.json                   3.25 kB │ gzip:   0.52 kB
ℹ ../.nuxt/dist/client/_nuxt/error-500.Dcg9_5V8.css    1.91 kB │ gzip:   0.73 kB
ℹ ../.nuxt/dist/client/_nuxt/error-404.CkrU8oVL.css    2.43 kB │ gzip:   0.86 kB
ℹ ../.nuxt/dist/client/_nuxt/CBcc3iNB.js               0.40 kB │ gzip:   0.28 kB
ℹ ../.nuxt/dist/client/_nuxt/B2RdHCd5.js               3.50 kB │ gzip:   1.56 kB
ℹ ../.nuxt/dist/client/_nuxt/lZ5Ezx77.js               9.32 kB │ gzip:   3.75 kB
ℹ ../.nuxt/dist/client/_nuxt/Dar7KrzY.js              37.63 kB │ gzip:  10.09 kB
ℹ ../.nuxt/dist/client/_nuxt/BhWzcXSh.js             832.42 kB │ gzip: 255.83 kB

 WARN 
(!) Some chunks are larger than 500 kB after minification. Consider:
- Using dynamic import() to code-split the application
- Use build.rollupOptions.output.manualChunks to improve chunking: https://rollupjs.org/configuration-options/#output-manualchunks
- Adjust chunk size limit for this warning via build.chunkSizeWarningLimit.

ℹ ✓ built in 3.33s
✔ Client built in 3342ms
ℹ Building server...
ℹ vite v7.3.6 building ssr environment for production...
ℹ transforming...
ℹ ✓ 71 modules transformed.
ℹ rendering chunks...
ℹ ✓ built in 2.23s
✔ Server built in 2240ms
[nitro] ✔ Generated public .output/public
[nitro] ℹ Building Nuxt Nitro server (preset: node-server, compatibility date: 2026-09-11)
[nitro] ✔ Nuxt Nitro server built
  ├─ .output/server/chunks/_/error-500.mjs (5.07 kB) (2.06 kB gzip)
  ├─ .output/server/chunks/_/error-500.mjs.map (324 B) (241 B gzip)
  ├─ .output/server/chunks/build/_plugin-vue_export-helper-jfgp6GXQ.mjs (948 B) (505 B gzip)
  ├─ .output/server/chunks/build/_plugin-vue_export-helper-jfgp6GXQ.mjs.map (345 B) (265 B gzip)
  ├─ .output/server/chunks/build/_virtual_playwright-lite-mime-CpF3J5YM-CUDdQG1X-lkXBZ5b8.mjs (45.1 kB) (9.93 kB gzip)
  ├─ .output/server/chunks/build/_virtual_playwright-lite-mime-CpF3J5YM-CUDdQG1X-lkXBZ5b8.mjs.map (32.3 kB) (2.68 kB gzip)
  ├─ .output/server/chunks/build/client.manifest.mjs (4 kB) (639 B gzip)
  ├─ .output/server/chunks/build/client.manifest.mjs.map (1.84 kB) (395 B gzip)
  ├─ .output/server/chunks/build/error-404-B_IAO7at.mjs (15.5 kB) (4.75 kB gzip)
  ├─ .output/server/chunks/build/error-404-B_IAO7at.mjs.map (597 B) (298 B gzip)
  ├─ .output/server/chunks/build/error-404-styles-1.mjs-hD6i5-Rv.mjs (2.65 kB) (962 B gzip)
  ├─ .output/server/chunks/build/error-404-styles-1.mjs-hD6i5-Rv.mjs.map (98 B) (109 B gzip)
  ├─ .output/server/chunks/build/error-404-styles.DINXvVG4.mjs (315 B) (206 B gzip)
  ├─ .output/server/chunks/build/error-404-styles.DINXvVG4.mjs.map (192 B) (156 B gzip)
  ├─ .output/server/chunks/build/error-404-styles.DXIqiO4j.mjs (373 B) (208 B gzip)
  ├─ .output/server/chunks/build/error-404-styles.DXIqiO4j.mjs.map (214 B) (167 B gzip)
  ├─ .output/server/chunks/build/error-500-C1aI9aUT.mjs (4.97 kB) (2.09 kB gzip)
  ├─ .output/server/chunks/build/error-500-C1aI9aUT.mjs.map (351 B) (267 B gzip)
  ├─ .output/server/chunks/build/error-500-styles-1.mjs-CYFVafnf.mjs (2.13 kB) (837 B gzip)
  ├─ .output/server/chunks/build/error-500-styles-1.mjs-CYFVafnf.mjs.map (98 B) (108 B gzip)
  ├─ .output/server/chunks/build/error-500-styles.B4If9UZv.mjs (315 B) (204 B gzip)
  ├─ .output/server/chunks/build/error-500-styles.B4If9UZv.mjs.map (192 B) (156 B gzip)
  ├─ .output/server/chunks/build/error-500-styles.x4jcUtUI.mjs (373 B) (205 B gzip)
  ├─ .output/server/chunks/build/error-500-styles.x4jcUtUI.mjs.map (214 B) (167 B gzip)
  ├─ .output/server/chunks/build/server.mjs (1.43 MB) (303 kB gzip)
  ├─ .output/server/chunks/build/server.mjs.map (6.75 kB) (1.81 kB gzip)
  ├─ .output/server/chunks/build/styles.mjs (1.34 kB) (411 B gzip)
  ├─ .output/server/chunks/build/styles.mjs.map (465 B) (198 B gzip)
  ├─ .output/server/chunks/nitro/nitro.mjs (160 kB) (39.6 kB gzip)
  ├─ .output/server/chunks/nitro/nitro.mjs.map (6.84 kB) (1.07 kB gzip)
  ├─ .output/server/chunks/routes/renderer.mjs (14.5 kB) (4.53 kB gzip)
  ├─ .output/server/chunks/routes/renderer.mjs.map (1.92 kB) (396 B gzip)
  ├─ .output/server/chunks/virtual/_virtual_spa-template.mjs (94 B) (100 B gzip)
  ├─ .output/server/chunks/virtual/_virtual_spa-template.mjs.map (88 B) (97 B gzip)
  ├─ .output/server/index.mjs (353 B) (205 B gzip)
  └─ .output/server/package.json (669 B) (304 B gzip)
Σ Total size: 3.27 MB (750 kB gzip)
[nitro] ✔ You can preview this build using node .output/server/index.mjs
│
└  ✨ Build complete!
